7 5 6 2
bhuvis acrein ausklhein ut skhuls
3 6 7 2
