1 1 11 10 4
zhita zulhan
11 11 10 1 4
7 1 6
ixthanawe uet uet
11 10 9
