1 1
zhitun prixah minu lobstins khulksna aarinhun
6 5 4 3
5 4 3 2
4 3 2 1
zion brinh
